system.mem_ctrls0.priorityMinLatency     0.000000000000                       # per QoS priority minimum request to response latency (Second)
system.mem_ctrls0.priorityMaxLatency     0.000000000000                       # per QoS priority maximum request to response latency (Second)
system.mem_ctrls0.dram.avgBusLat                  nan                       # Average bus latency per DRAM burst ((Tick/Count))
system.mem_ctrls0.dram.avgMemAccLat               nan                       # Average memory access latency per DRAM burst ((Tick/Count))
system.mem_ctrls1.priorityMinLatency     0.000000000000                       # per QoS priority minimum request to response latency (Second)
system.mem_ctrls1.priorityMaxLatency     0.000000000000                       # per QoS priority maximum request to response latency (Second)
system.mem_ctrls1.dram.avgBusLat                  nan                       # Average bus latency per DRAM burst ((Tick/Count))
system.mem_ctrls1.dram.avgMemAccLat               nan                       # Average memory access latency per DRAM burst ((Tick/Count))
system.mem_ctrls10.priorityMinLatency    0.000000000000                       # per QoS priority minimum request to response latency (Second)
system.mem_ctrls10.priorityMaxLatency    0.000000000000                       # per QoS priority maximum request to response latency (Second)
system.mem_ctrls10.dram.avgBusLat                 nan                       # Average bus latency per DRAM burst ((Tick/Count))
system.mem_ctrls10.dram.avgMemAccLat              nan                       # Average memory access latency per DRAM burst ((Tick/Count))
system.mem_ctrls11.priorityMinLatency    0.000000000000                       # per QoS priority minimum request to response latency (Second)
system.mem_ctrls11.priorityMaxLatency    0.000000000000                       # per QoS priority maximum request to response latency (Second)
system.mem_ctrls11.dram.avgBusLat                 nan                       # Average bus latency per DRAM burst ((Tick/Count))
system.mem_ctrls11.dram.avgMemAccLat              nan                       # Average memory access latency per DRAM burst ((Tick/Count))
system.mem_ctrls12.priorityMinLatency    0.000000000000                       # per QoS priority minimum request to response latency (Second)
system.mem_ctrls12.priorityMaxLatency    0.000000000000                       # per QoS priority maximum request to response latency (Second)
system.mem_ctrls12.dram.avgBusLat                 nan                       # Average bus latency per DRAM burst ((Tick/Count))
system.mem_ctrls12.dram.avgMemAccLat              nan                       # Average memory access latency per DRAM burst ((Tick/Count))
system.mem_ctrls13.priorityMinLatency    0.000000000000                       # per QoS priority minimum request to response latency (Second)
system.mem_ctrls13.priorityMaxLatency    0.000000000000                       # per QoS priority maximum request to response latency (Second)
system.mem_ctrls13.dram.avgBusLat                 nan                       # Average bus latency per DRAM burst ((Tick/Count))
system.mem_ctrls13.dram.avgMemAccLat              nan                       # Average memory access latency per DRAM burst ((Tick/Count))
system.mem_ctrls14.priorityMinLatency    0.000000000000                       # per QoS priority minimum request to response latency (Second)
system.mem_ctrls14.priorityMaxLatency    0.000000000000                       # per QoS priority maximum request to response latency (Second)
system.mem_ctrls14.dram.avgBusLat                 nan                       # Average bus latency per DRAM burst ((Tick/Count))
system.mem_ctrls14.dram.avgMemAccLat              nan                       # Average memory access latency per DRAM burst ((Tick/Count))
system.mem_ctrls15.priorityMinLatency    0.000000000000                       # per QoS priority minimum request to response latency (Second)
system.mem_ctrls15.priorityMaxLatency    0.000000000000                       # per QoS priority maximum request to response latency (Second)
system.mem_ctrls15.dram.avgBusLat                 nan                       # Average bus latency per DRAM burst ((Tick/Count))
system.mem_ctrls15.dram.avgMemAccLat              nan                       # Average memory access latency per DRAM burst ((Tick/Count))
system.mem_ctrls2.priorityMinLatency     0.000000000000                       # per QoS priority minimum request to response latency (Second)
system.mem_ctrls2.priorityMaxLatency     0.000000000000                       # per QoS priority maximum request to response latency (Second)
system.mem_ctrls2.dram.avgBusLat                  nan                       # Average bus latency per DRAM burst ((Tick/Count))
system.mem_ctrls2.dram.avgMemAccLat               nan                       # Average memory access latency per DRAM burst ((Tick/Count))
system.mem_ctrls3.priorityMinLatency     0.000000000000                       # per QoS priority minimum request to response latency (Second)
system.mem_ctrls3.priorityMaxLatency     0.000000000000                       # per QoS priority maximum request to response latency (Second)
system.mem_ctrls3.dram.avgBusLat                  nan                       # Average bus latency per DRAM burst ((Tick/Count))
system.mem_ctrls3.dram.avgMemAccLat               nan                       # Average memory access latency per DRAM burst ((Tick/Count))
system.mem_ctrls4.priorityMinLatency     0.000000000000                       # per QoS priority minimum request to response latency (Second)
system.mem_ctrls4.priorityMaxLatency     0.000000000000                       # per QoS priority maximum request to response latency (Second)
system.mem_ctrls4.dram.avgBusLat                  nan                       # Average bus latency per DRAM burst ((Tick/Count))
system.mem_ctrls4.dram.avgMemAccLat               nan                       # Average memory access latency per DRAM burst ((Tick/Count))
system.mem_ctrls5.priorityMinLatency     0.000000000000                       # per QoS priority minimum request to response latency (Second)
system.mem_ctrls5.priorityMaxLatency     0.000000000000                       # per QoS priority maximum request to response latency (Second)
system.mem_ctrls5.dram.avgBusLat                  nan                       # Average bus latency per DRAM burst ((Tick/Count))
system.mem_ctrls5.dram.avgMemAccLat               nan                       # Average memory access latency per DRAM burst ((Tick/Count))
system.mem_ctrls6.priorityMinLatency     0.000000000000                       # per QoS priority minimum request to response latency (Second)
system.mem_ctrls6.priorityMaxLatency     0.000000000000                       # per QoS priority maximum request to response latency (Second)
system.mem_ctrls6.dram.avgBusLat                  nan                       # Average bus latency per DRAM burst ((Tick/Count))
system.mem_ctrls6.dram.avgMemAccLat               nan                       # Average memory access latency per DRAM burst ((Tick/Count))
system.mem_ctrls7.priorityMinLatency     0.000000000000                       # per QoS priority minimum request to response latency (Second)
system.mem_ctrls7.priorityMaxLatency     0.000000000000                       # per QoS priority maximum request to response latency (Second)
system.mem_ctrls7.dram.avgBusLat                  nan                       # Average bus latency per DRAM burst ((Tick/Count))
system.mem_ctrls7.dram.avgMemAccLat               nan                       # Average memory access latency per DRAM burst ((Tick/Count))
system.mem_ctrls8.priorityMinLatency     0.000000000000                       # per QoS priority minimum request to response latency (Second)
system.mem_ctrls8.priorityMaxLatency     0.000000000000                       # per QoS priority maximum request to response latency (Second)
system.mem_ctrls8.dram.avgBusLat                  nan                       # Average bus latency per DRAM burst ((Tick/Count))
system.mem_ctrls8.dram.avgMemAccLat               nan                       # Average memory access latency per DRAM burst ((Tick/Count))
system.mem_ctrls9.priorityMinLatency     0.000000000000                       # per QoS priority minimum request to response latency (Second)
system.mem_ctrls9.priorityMaxLatency     0.000000000000                       # per QoS priority maximum request to response latency (Second)
system.mem_ctrls9.dram.avgBusLat                  nan                       # Average bus latency per DRAM burst ((Tick/Count))
system.mem_ctrls9.dram.avgMemAccLat               nan                       # Average memory access latency per DRAM burst ((Tick/Count))
system.ruby.network.average_flit_latency          nan                       (Unspecified)
system.ruby.network.average_flit_network_latency          nan                       (Unspecified)
system.ruby.network.average_flit_queueing_latency          nan                       (Unspecified)
system.ruby.network.average_flit_vnet_latency |         nan                       |         nan                       |         nan                       |         nan                       |         nan                       (Unspecified)
system.ruby.network.average_flit_vqueue_latency |         nan                       |         nan                       |         nan                       |         nan                       |         nan                       (Unspecified)
system.ruby.network.average_packet_latency          nan                       (Unspecified)
system.ruby.network.average_packet_network_latency          nan                       (Unspecified)
system.ruby.network.average_packet_queueing_latency          nan                       (Unspecified)
system.ruby.network.average_packet_vnet_latency |         nan                       |         nan                       |         nan                       |         nan                       |         nan                       (Unspecified)
system.ruby.network.average_packet_vqueue_latency |         nan                       |         nan                       |         nan                       |         nan                       |         nan                       (Unspecified)
system.ruby.network.flit_network_latency |           0                       |           0                       |           0                       |           0                       |           0                       (Unspecified)
system.ruby.network.flit_queueing_latency |           0                       |           0                       |           0                       |           0                       |           0                       (Unspecified)
system.ruby.network.packet_network_latency |           0                       |           0                       |           0                       |           0                       |           0                       (Unspecified)
system.ruby.network.packet_queueing_latency |           0                       |           0                       |           0                       |           0                       |           0                       (Unspecified)
