]633;E;echo "=== command ===";0b86baaa-cbf6-4b89-8dc9-ca4b627a5e22]633;C=== command ===
./build/NULL/gem5.debug configs/example/garnet_synth_traffic.py --num-cpus=64 --num-dirs=64 --network=garnet --topology=ring --sim-cycles=100000 --synthetic=uniform_random --injectionrate=0.01

=== sim stats ===
simSeconds                                   0.000000                       # Number of seconds simulated (Second)
simTicks                                         1000                       # Number of ticks simulated (Tick)
finalTick                                        1000                       # Number of ticks from beginning of simulation (restored from checkpoints and never reset) (Tick)
hostSeconds                                      1.37                       # Real time elapsed on the host (Second)

=== network stats ===
system.mem_ctrls0.dram.busUtil                   0.00                       # Data bus utilization in percentage (Ratio)
system.mem_ctrls0.dram.busUtilRead               0.00                       # Data bus utilization in percentage for reads (Ratio)
system.mem_ctrls0.dram.busUtilWrite              0.00                       # Data bus utilization in percentage for writes (Ratio)
system.mem_ctrls1.dram.busUtil                   0.00                       # Data bus utilization in percentage (Ratio)
system.mem_ctrls1.dram.busUtilRead               0.00                       # Data bus utilization in percentage for reads (Ratio)
system.mem_ctrls1.dram.busUtilWrite              0.00                       # Data bus utilization in percentage for writes (Ratio)
system.mem_ctrls10.dram.busUtil                  0.00                       # Data bus utilization in percentage (Ratio)
system.mem_ctrls10.dram.busUtilRead              0.00                       # Data bus utilization in percentage for reads (Ratio)
system.mem_ctrls10.dram.busUtilWrite             0.00                       # Data bus utilization in percentage for writes (Ratio)
system.mem_ctrls11.dram.busUtil                  0.00                       # Data bus utilization in percentage (Ratio)
system.mem_ctrls11.dram.busUtilRead              0.00                       # Data bus utilization in percentage for reads (Ratio)
system.mem_ctrls11.dram.busUtilWrite             0.00                       # Data bus utilization in percentage for writes (Ratio)
system.mem_ctrls12.dram.busUtil                  0.00                       # Data bus utilization in percentage (Ratio)
system.mem_ctrls12.dram.busUtilRead              0.00                       # Data bus utilization in percentage for reads (Ratio)
system.mem_ctrls12.dram.busUtilWrite             0.00                       # Data bus utilization in percentage for writes (Ratio)
system.mem_ctrls13.dram.busUtil                  0.00                       # Data bus utilization in percentage (Ratio)
system.mem_ctrls13.dram.busUtilRead              0.00                       # Data bus utilization in percentage for reads (Ratio)
system.mem_ctrls13.dram.busUtilWrite             0.00                       # Data bus utilization in percentage for writes (Ratio)
system.mem_ctrls14.dram.busUtil                  0.00                       # Data bus utilization in percentage (Ratio)
system.mem_ctrls14.dram.busUtilRead              0.00                       # Data bus utilization in percentage for reads (Ratio)
system.mem_ctrls14.dram.busUtilWrite             0.00                       # Data bus utilization in percentage for writes (Ratio)
system.mem_ctrls15.dram.busUtil                  0.00                       # Data bus utilization in percentage (Ratio)
system.mem_ctrls15.dram.busUtilRead              0.00                       # Data bus utilization in percentage for reads (Ratio)
system.mem_ctrls15.dram.busUtilWrite             0.00                       # Data bus utilization in percentage for writes (Ratio)
system.mem_ctrls2.dram.busUtil                   0.00                       # Data bus utilization in percentage (Ratio)
system.mem_ctrls2.dram.busUtilRead               0.00                       # Data bus utilization in percentage for reads (Ratio)
system.mem_ctrls2.dram.busUtilWrite              0.00                       # Data bus utilization in percentage for writes (Ratio)
system.mem_ctrls3.dram.busUtil                   0.00                       # Data bus utilization in percentage (Ratio)
system.mem_ctrls3.dram.busUtilRead               0.00                       # Data bus utilization in percentage for reads (Ratio)
system.mem_ctrls3.dram.busUtilWrite              0.00                       # Data bus utilization in percentage for writes (Ratio)
system.mem_ctrls4.dram.busUtil                   0.00                       # Data bus utilization in percentage (Ratio)
system.mem_ctrls4.dram.busUtilRead               0.00                       # Data bus utilization in percentage for reads (Ratio)
system.mem_ctrls4.dram.busUtilWrite              0.00                       # Data bus utilization in percentage for writes (Ratio)
system.mem_ctrls5.dram.busUtil                   0.00                       # Data bus utilization in percentage (Ratio)
system.mem_ctrls5.dram.busUtilRead               0.00                       # Data bus utilization in percentage for reads (Ratio)
system.mem_ctrls5.dram.busUtilWrite              0.00                       # Data bus utilization in percentage for writes (Ratio)
system.mem_ctrls6.dram.busUtil                   0.00                       # Data bus utilization in percentage (Ratio)
system.mem_ctrls6.dram.busUtilRead               0.00                       # Data bus utilization in percentage for reads (Ratio)
system.mem_ctrls6.dram.busUtilWrite              0.00                       # Data bus utilization in percentage for writes (Ratio)
system.mem_ctrls7.dram.busUtil                   0.00                       # Data bus utilization in percentage (Ratio)
system.mem_ctrls7.dram.busUtilRead               0.00                       # Data bus utilization in percentage for reads (Ratio)
system.mem_ctrls7.dram.busUtilWrite              0.00                       # Data bus utilization in percentage for writes (Ratio)
system.mem_ctrls8.dram.busUtil                   0.00                       # Data bus utilization in percentage (Ratio)
system.mem_ctrls8.dram.busUtilRead               0.00                       # Data bus utilization in percentage for reads (Ratio)
system.mem_ctrls8.dram.busUtilWrite              0.00                       # Data bus utilization in percentage for writes (Ratio)
system.mem_ctrls9.dram.busUtil                   0.00                       # Data bus utilization in percentage (Ratio)
system.mem_ctrls9.dram.busUtilRead               0.00                       # Data bus utilization in percentage for reads (Ratio)
system.mem_ctrls9.dram.busUtilWrite              0.00                       # Data bus utilization in percentage for writes (Ratio)
system.ruby.network.average_flit_latency          nan                       (Unspecified)
system.ruby.network.average_flit_network_latency          nan                       (Unspecified)
system.ruby.network.average_flit_queueing_latency          nan                       (Unspecified)
system.ruby.network.average_flit_vnet_latency |         nan                       |         nan                       |         nan                       |         nan                       |         nan                       (Unspecified)
system.ruby.network.average_flit_vqueue_latency |         nan                       |         nan                       |         nan                       |         nan                       |         nan                       (Unspecified)
system.ruby.network.average_hops                  nan                       (Unspecified)
system.ruby.network.average_packet_latency          nan                       (Unspecified)
system.ruby.network.average_packet_network_latency          nan                       (Unspecified)
system.ruby.network.average_packet_queueing_latency          nan                       (Unspecified)
system.ruby.network.average_packet_vnet_latency |         nan                       |         nan                       |         nan                       |         nan                       |         nan                       (Unspecified)
system.ruby.network.average_packet_vqueue_latency |         nan                       |         nan                       |         nan                       |         nan                       |         nan                       (Unspecified)
system.ruby.network.avg_link_utilization            0                       (Unspecified)
system.ruby.network.ctrl_traffic_distribution.n0.n0            0                       (Unspecified)
system.ruby.network.ctrl_traffic_distribution.n0.n1            0                       (Unspecified)
system.ruby.network.ctrl_traffic_distribution.n0.n10            0                       (Unspecified)
system.ruby.network.ctrl_traffic_distribution.n0.n11            0                       (Unspecified)
system.ruby.network.ctrl_traffic_distribution.n0.n12            0                       (Unspecified)
system.ruby.network.ctrl_traffic_distribution.n0.n13            0                       (Unspecified)
system.ruby.network.ctrl_traffic_distribution.n0.n14            0                       (Unspecified)
system.ruby.network.ctrl_traffic_distribution.n0.n15            0                       (Unspecified)
system.ruby.network.ctrl_traffic_distribution.n0.n2            0                       (Unspecified)
system.ruby.network.ctrl_traffic_distribution.n0.n3            0                       (Unspecified)
system.ruby.network.ctrl_traffic_distribution.n0.n4            0                       (Unspecified)
system.ruby.network.ctrl_traffic_distribution.n0.n5            0                       (Unspecified)
system.ruby.network.ctrl_traffic_distribution.n0.n6            0                       (Unspecified)
system.ruby.network.ctrl_traffic_distribution.n0.n7            0                       (Unspecified)
system.ruby.network.ctrl_traffic_distribution.n0.n8            0                       (Unspecified)
system.ruby.network.ctrl_traffic_distribution.n0.n9            0                       (Unspecified)
system.ruby.network.ctrl_traffic_distribution.n1.n0            0                       (Unspecified)
system.ruby.network.ctrl_traffic_distribution.n1.n1            0                       (Unspecified)
system.ruby.network.ctrl_traffic_distribution.n1.n10            0                       (Unspecified)
system.ruby.network.ctrl_traffic_distribution.n1.n11            0                       (Unspecified)
system.ruby.network.ctrl_traffic_distribution.n1.n12            0                       (Unspecified)
system.ruby.network.ctrl_traffic_distribution.n1.n13            0                       (Unspecified)
system.ruby.network.ctrl_traffic_distribution.n1.n14            0                       (Unspecified)
system.ruby.network.ctrl_traffic_distribution.n1.n15            0                       (Unspecified)
system.ruby.network.ctrl_traffic_distribution.n1.n2            0                       (Unspecified)
system.ruby.network.ctrl_traffic_distribution.n1.n3            0                       (Unspecified)
system.ruby.network.ctrl_traffic_distribution.n1.n4            0                       (Unspecified)
system.ruby.network.ctrl_traffic_distribution.n1.n5            0                       (Unspecified)
system.ruby.network.ctrl_traffic_distribution.n1.n6            0                       (Unspecified)
system.ruby.network.ctrl_traffic_distribution.n1.n7            0                       (Unspecified)
system.ruby.network.ctrl_traffic_distribution.n1.n8            0                       (Unspecified)
system.ruby.network.ctrl_traffic_distribution.n1.n9            0                       (Unspecified)
system.ruby.network.ctrl_traffic_distribution.n10.n0            0                       (Unspecified)
system.ruby.network.ctrl_traffic_distribution.n10.n1            0                       (Unspecified)
system.ruby.network.ctrl_traffic_distribution.n10.n10            0                       (Unspecified)
system.ruby.network.ctrl_traffic_distribution.n10.n11            0                       (Unspecified)
system.ruby.network.ctrl_traffic_distribution.n10.n12            0                       (Unspecified)
system.ruby.network.ctrl_traffic_distribution.n10.n13            0                       (Unspecified)
system.ruby.network.ctrl_traffic_distribution.n10.n14            0                       (Unspecified)
system.ruby.network.ctrl_traffic_distribution.n10.n15            0                       (Unspecified)
system.ruby.network.ctrl_traffic_distribution.n10.n2            0                       (Unspecified)
system.ruby.network.ctrl_traffic_distribution.n10.n3            0                       (Unspecified)
system.ruby.network.ctrl_traffic_distribution.n10.n4            0                       (Unspecified)
system.ruby.network.ctrl_traffic_distribution.n10.n5            0                       (Unspecified)
system.ruby.network.ctrl_traffic_distribution.n10.n6            0                       (Unspecified)
system.ruby.network.ctrl_traffic_distribution.n10.n7            0                       (Unspecified)
system.ruby.network.ctrl_traffic_distribution.n10.n8            0                       (Unspecified)
system.ruby.network.ctrl_traffic_distribution.n10.n9            0                       (Unspecified)
system.ruby.network.ctrl_traffic_distribution.n11.n0            0                       (Unspecified)
system.ruby.network.ctrl_traffic_distribution.n11.n1            0                       (Unspecified)
system.ruby.network.ctrl_traffic_distribution.n11.n10            0                       (Unspecified)
system.ruby.network.ctrl_traffic_distribution.n11.n11            0                       (Unspecified)
system.ruby.network.ctrl_traffic_distribution.n11.n12            0                       (Unspecified)
system.ruby.network.ctrl_traffic_distribution.n11.n13            0                       (Unspecified)
system.ruby.network.ctrl_traffic_distribution.n11.n14            0                       (Unspecified)
system.ruby.network.ctrl_traffic_distribution.n11.n15            0                       (Unspecified)
system.ruby.network.ctrl_traffic_distribution.n11.n2            0                       (Unspecified)
system.ruby.network.ctrl_traffic_distribution.n11.n3            0                       (Unspecified)
system.ruby.network.ctrl_traffic_distribution.n11.n4            0                       (Unspecified)
system.ruby.network.ctrl_traffic_distribution.n11.n5            0                       (Unspecified)
system.ruby.network.ctrl_traffic_distribution.n11.n6            0                       (Unspecified)
system.ruby.network.ctrl_traffic_distribution.n11.n7            0                       (Unspecified)
system.ruby.network.ctrl_traffic_distribution.n11.n8            0                       (Unspecified)
system.ruby.network.ctrl_traffic_distribution.n11.n9            0                       (Unspecified)
system.ruby.network.ctrl_traffic_distribution.n12.n0            0                       (Unspecified)
system.ruby.network.ctrl_traffic_distribution.n12.n1            0                       (Unspecified)
system.ruby.network.ctrl_traffic_distribution.n12.n10            0                       (Unspecified)
system.ruby.network.ctrl_traffic_distribution.n12.n11            0                       (Unspecified)
system.ruby.network.ctrl_traffic_distribution.n12.n12            0                       (Unspecified)
system.ruby.network.ctrl_traffic_distribution.n12.n13            0                       (Unspecified)
system.ruby.network.ctrl_traffic_distribution.n12.n14            0                       (Unspecified)
system.ruby.network.ctrl_traffic_distribution.n12.n15            0                       (Unspecified)
system.ruby.network.ctrl_traffic_distribution.n12.n2            0                       (Unspecified)
system.ruby.network.ctrl_traffic_distribution.n12.n3            0                       (Unspecified)
system.ruby.network.ctrl_traffic_distribution.n12.n4            0                       (Unspecified)
system.ruby.network.ctrl_traffic_distribution.n12.n5            0                       (Unspecified)
system.ruby.network.ctrl_traffic_distribution.n12.n6            0                       (Unspecified)
system.ruby.network.ctrl_traffic_distribution.n12.n7            0                       (Unspecified)
system.ruby.network.ctrl_traffic_distribution.n12.n8            0                       (Unspecified)
system.ruby.network.ctrl_traffic_distribution.n12.n9            0                       (Unspecified)
system.ruby.network.ctrl_traffic_distribution.n13.n0            0                       (Unspecified)
system.ruby.network.ctrl_traffic_distribution.n13.n1            0                       (Unspecified)
system.ruby.network.ctrl_traffic_distribution.n13.n10            0                       (Unspecified)
system.ruby.network.ctrl_traffic_distribution.n13.n11            0                       (Unspecified)
system.ruby.network.ctrl_traffic_distribution.n13.n12            0                       (Unspecified)
system.ruby.network.ctrl_traffic_distribution.n13.n13            0                       (Unspecified)
system.ruby.network.ctrl_traffic_distribution.n13.n14            0                       (Unspecified)
system.ruby.network.ctrl_traffic_distribution.n13.n15            0                       (Unspecified)
system.ruby.network.ctrl_traffic_distribution.n13.n2            0                       (Unspecified)
system.ruby.network.ctrl_traffic_distribution.n13.n3            0                       (Unspecified)
system.ruby.network.ctrl_traffic_distribution.n13.n4            0                       (Unspecified)
system.ruby.network.ctrl_traffic_distribution.n13.n5            0                       (Unspecified)
system.ruby.network.ctrl_traffic_distribution.n13.n6            0                       (Unspecified)
system.ruby.network.ctrl_traffic_distribution.n13.n7            0                       (Unspecified)
system.ruby.network.ctrl_traffic_distribution.n13.n8            0                       (Unspecified)
system.ruby.network.ctrl_traffic_distribution.n13.n9            0                       (Unspecified)
system.ruby.network.ctrl_traffic_distribution.n14.n0            0                       (Unspecified)
system.ruby.network.ctrl_traffic_distribution.n14.n1            0                       (Unspecified)
system.ruby.network.ctrl_traffic_distribution.n14.n10            0                       (Unspecified)
system.ruby.network.ctrl_traffic_distribution.n14.n11            0                       (Unspecified)
system.ruby.network.ctrl_traffic_distribution.n14.n12            0                       (Unspecified)
system.ruby.network.ctrl_traffic_distribution.n14.n13            0                       (Unspecified)
system.ruby.network.ctrl_traffic_distribution.n14.n14            0                       (Unspecified)
system.ruby.network.ctrl_traffic_distribution.n14.n15            0                       (Unspecified)
system.ruby.network.ctrl_traffic_distribution.n14.n2            0                       (Unspecified)
system.ruby.network.ctrl_traffic_distribution.n14.n3            0                       (Unspecified)
system.ruby.network.ctrl_traffic_distribution.n14.n4            0                       (Unspecified)
system.ruby.network.ctrl_traffic_distribution.n14.n5            0                       (Unspecified)
system.ruby.network.ctrl_traffic_distribution.n14.n6            0                       (Unspecified)
system.ruby.network.ctrl_traffic_distribution.n14.n7            0                       (Unspecified)
system.ruby.network.ctrl_traffic_distribution.n14.n8            0                       (Unspecified)
system.ruby.network.ctrl_traffic_distribution.n14.n9            0                       (Unspecified)
system.ruby.network.ctrl_traffic_distribution.n15.n0            0                       (Unspecified)
system.ruby.network.ctrl_traffic_distribution.n15.n1            0                       (Unspecified)
system.ruby.network.ctrl_traffic_distribution.n15.n10            0                       (Unspecified)
system.ruby.network.ctrl_traffic_distribution.n15.n11            0                       (Unspecified)
system.ruby.network.ctrl_traffic_distribution.n15.n12            0                       (Unspecified)
system.ruby.network.ctrl_traffic_distribution.n15.n13            0                       (Unspecified)
system.ruby.network.ctrl_traffic_distribution.n15.n14            0                       (Unspecified)
system.ruby.network.ctrl_traffic_distribution.n15.n15            0                       (Unspecified)
system.ruby.network.ctrl_traffic_distribution.n15.n2            0                       (Unspecified)
system.ruby.network.ctrl_traffic_distribution.n15.n3            0                       (Unspecified)
system.ruby.network.ctrl_traffic_distribution.n15.n4            0                       (Unspecified)
system.ruby.network.ctrl_traffic_distribution.n15.n5            0                       (Unspecified)
system.ruby.network.ctrl_traffic_distribution.n15.n6            0                       (Unspecified)
system.ruby.network.ctrl_traffic_distribution.n15.n7            0                       (Unspecified)
system.ruby.network.ctrl_traffic_distribution.n15.n8            0                       (Unspecified)
system.ruby.network.ctrl_traffic_distribution.n15.n9            0                       (Unspecified)
system.ruby.network.ctrl_traffic_distribution.n2.n0            0                       (Unspecified)
system.ruby.network.ctrl_traffic_distribution.n2.n1            0                       (Unspecified)
system.ruby.network.ctrl_traffic_distribution.n2.n10            0                       (Unspecified)
system.ruby.network.ctrl_traffic_distribution.n2.n11            0                       (Unspecified)
system.ruby.network.ctrl_traffic_distribution.n2.n12            0                       (Unspecified)
system.ruby.network.ctrl_traffic_distribution.n2.n13            0                       (Unspecified)
system.ruby.network.ctrl_traffic_distribution.n2.n14            0                       (Unspecified)
system.ruby.network.ctrl_traffic_distribution.n2.n15            0                       (Unspecified)
system.ruby.network.ctrl_traffic_distribution.n2.n2            0                       (Unspecified)
system.ruby.network.ctrl_traffic_distribution.n2.n3            0                       (Unspecified)
system.ruby.network.ctrl_traffic_distribution.n2.n4            0                       (Unspecified)
system.ruby.network.ctrl_traffic_distribution.n2.n5            0                       (Unspecified)
system.ruby.network.ctrl_traffic_distribution.n2.n6            0                       (Unspecified)
system.ruby.network.ctrl_traffic_distribution.n2.n7            0                       (Unspecified)
system.ruby.network.ctrl_traffic_distribution.n2.n8            0                       (Unspecified)
system.ruby.network.ctrl_traffic_distribution.n2.n9            0                       (Unspecified)
system.ruby.network.ctrl_traffic_distribution.n3.n0            0                       (Unspecified)
system.ruby.network.ctrl_traffic_distribution.n3.n1            0                       (Unspecified)
system.ruby.network.ctrl_traffic_distribution.n3.n10            0                       (Unspecified)
system.ruby.network.ctrl_traffic_distribution.n3.n11            0                       (Unspecified)
system.ruby.network.ctrl_traffic_distribution.n3.n12            0                       (Unspecified)
system.ruby.network.ctrl_traffic_distribution.n3.n13            0                       (Unspecified)
system.ruby.network.ctrl_traffic_distribution.n3.n14            0                       (Unspecified)
system.ruby.network.ctrl_traffic_distribution.n3.n15            0                       (Unspecified)
system.ruby.network.ctrl_traffic_distribution.n3.n2            0                       (Unspecified)
system.ruby.network.ctrl_traffic_distribution.n3.n3            0                       (Unspecified)
system.ruby.network.ctrl_traffic_distribution.n3.n4            0                       (Unspecified)
system.ruby.network.ctrl_traffic_distribution.n3.n5            0                       (Unspecified)
system.ruby.network.ctrl_traffic_distribution.n3.n6            0                       (Unspecified)
system.ruby.network.ctrl_traffic_distribution.n3.n7            0                       (Unspecified)
system.ruby.network.ctrl_traffic_distribution.n3.n8            0                       (Unspecified)
system.ruby.network.ctrl_traffic_distribution.n3.n9            0                       (Unspecified)
system.ruby.network.ctrl_traffic_distribution.n4.n0            0                       (Unspecified)
system.ruby.network.ctrl_traffic_distribution.n4.n1            0                       (Unspecified)
system.ruby.network.ctrl_traffic_distribution.n4.n10            0                       (Unspecified)
system.ruby.network.ctrl_traffic_distribution.n4.n11            0                       (Unspecified)
system.ruby.network.ctrl_traffic_distribution.n4.n12            0                       (Unspecified)
system.ruby.network.ctrl_traffic_distribution.n4.n13            0                       (Unspecified)
system.ruby.network.ctrl_traffic_distribution.n4.n14            0                       (Unspecified)
system.ruby.network.ctrl_traffic_distribution.n4.n15            0                       (Unspecified)
system.ruby.network.ctrl_traffic_distribution.n4.n2            0                       (Unspecified)
system.ruby.network.ctrl_traffic_distribution.n4.n3            0                       (Unspecified)
system.ruby.network.ctrl_traffic_distribution.n4.n4            0                       (Unspecified)
system.ruby.network.ctrl_traffic_distribution.n4.n5            0                       (Unspecified)
system.ruby.network.ctrl_traffic_distribution.n4.n6            0                       (Unspecified)
system.ruby.network.ctrl_traffic_distribution.n4.n7            0                       (Unspecified)
system.ruby.network.ctrl_traffic_distribution.n4.n8            0                       (Unspecified)
system.ruby.network.ctrl_traffic_distribution.n4.n9            0                       (Unspecified)
system.ruby.network.ctrl_traffic_distribution.n5.n0            0                       (Unspecified)
system.ruby.network.ctrl_traffic_distribution.n5.n1            0                       (Unspecified)
system.ruby.network.ctrl_traffic_distribution.n5.n10            0                       (Unspecified)
system.ruby.network.ctrl_traffic_distribution.n5.n11            0                       (Unspecified)
system.ruby.network.ctrl_traffic_distribution.n5.n12            0                       (Unspecified)
system.ruby.network.ctrl_traffic_distribution.n5.n13            0                       (Unspecified)
system.ruby.network.ctrl_traffic_distribution.n5.n14            0                       (Unspecified)
system.ruby.network.ctrl_traffic_distribution.n5.n15            0                       (Unspecified)
system.ruby.network.ctrl_traffic_distribution.n5.n2            0                       (Unspecified)
system.ruby.network.ctrl_traffic_distribution.n5.n3            0                       (Unspecified)
system.ruby.network.ctrl_traffic_distribution.n5.n4            0                       (Unspecified)
system.ruby.network.ctrl_traffic_distribution.n5.n5            0                       (Unspecified)
system.ruby.network.ctrl_traffic_distribution.n5.n6            0                       (Unspecified)
system.ruby.network.ctrl_traffic_distribution.n5.n7            0                       (Unspecified)
system.ruby.network.ctrl_traffic_distribution.n5.n8            0                       (Unspecified)
system.ruby.network.ctrl_traffic_distribution.n5.n9            0                       (Unspecified)
system.ruby.network.ctrl_traffic_distribution.n6.n0            0                       (Unspecified)
system.ruby.network.ctrl_traffic_distribution.n6.n1            0                       (Unspecified)
system.ruby.network.ctrl_traffic_distribution.n6.n10            0                       (Unspecified)
system.ruby.network.ctrl_traffic_distribution.n6.n11            0                       (Unspecified)
system.ruby.network.ctrl_traffic_distribution.n6.n12            0                       (Unspecified)
system.ruby.network.ctrl_traffic_distribution.n6.n13            0                       (Unspecified)
system.ruby.network.ctrl_traffic_distribution.n6.n14            0                       (Unspecified)
system.ruby.network.ctrl_traffic_distribution.n6.n15            0                       (Unspecified)
system.ruby.network.ctrl_traffic_distribution.n6.n2            0                       (Unspecified)
system.ruby.network.ctrl_traffic_distribution.n6.n3            0                       (Unspecified)
system.ruby.network.ctrl_traffic_distribution.n6.n4            0                       (Unspecified)
system.ruby.network.ctrl_traffic_distribution.n6.n5            0                       (Unspecified)
system.ruby.network.ctrl_traffic_distribution.n6.n6            0                       (Unspecified)
system.ruby.network.ctrl_traffic_distribution.n6.n7            0                       (Unspecified)
system.ruby.network.ctrl_traffic_distribution.n6.n8            0                       (Unspecified)
system.ruby.network.ctrl_traffic_distribution.n6.n9            0                       (Unspecified)
system.ruby.network.ctrl_traffic_distribution.n7.n0            0                       (Unspecified)
system.ruby.network.ctrl_traffic_distribution.n7.n1            0                       (Unspecified)
system.ruby.network.ctrl_traffic_distribution.n7.n10            0                       (Unspecified)
system.ruby.network.ctrl_traffic_distribution.n7.n11            0                       (Unspecified)
system.ruby.network.ctrl_traffic_distribution.n7.n12            0                       (Unspecified)
system.ruby.network.ctrl_traffic_distribution.n7.n13            0                       (Unspecified)
system.ruby.network.ctrl_traffic_distribution.n7.n14            0                       (Unspecified)
system.ruby.network.ctrl_traffic_distribution.n7.n15            0                       (Unspecified)
system.ruby.network.ctrl_traffic_distribution.n7.n2            0                       (Unspecified)
system.ruby.network.ctrl_traffic_distribution.n7.n3            0                       (Unspecified)
system.ruby.network.ctrl_traffic_distribution.n7.n4            0                       (Unspecified)
system.ruby.network.ctrl_traffic_distribution.n7.n5            0                       (Unspecified)
system.ruby.network.ctrl_traffic_distribution.n7.n6            0                       (Unspecified)
system.ruby.network.ctrl_traffic_distribution.n7.n7            0                       (Unspecified)
system.ruby.network.ctrl_traffic_distribution.n7.n8            0                       (Unspecified)
system.ruby.network.ctrl_traffic_distribution.n7.n9            0                       (Unspecified)
system.ruby.network.ctrl_traffic_distribution.n8.n0            0                       (Unspecified)
system.ruby.network.ctrl_traffic_distribution.n8.n1            0                       (Unspecified)
system.ruby.network.ctrl_traffic_distribution.n8.n10            0                       (Unspecified)
system.ruby.network.ctrl_traffic_distribution.n8.n11            0                       (Unspecified)
system.ruby.network.ctrl_traffic_distribution.n8.n12            0                       (Unspecified)
system.ruby.network.ctrl_traffic_distribution.n8.n13            0                       (Unspecified)
system.ruby.network.ctrl_traffic_distribution.n8.n14            0                       (Unspecified)
system.ruby.network.ctrl_traffic_distribution.n8.n15            0                       (Unspecified)
system.ruby.network.ctrl_traffic_distribution.n8.n2            0                       (Unspecified)
system.ruby.network.ctrl_traffic_distribution.n8.n3            0                       (Unspecified)
system.ruby.network.ctrl_traffic_distribution.n8.n4            0                       (Unspecified)
system.ruby.network.ctrl_traffic_distribution.n8.n5            0                       (Unspecified)
system.ruby.network.ctrl_traffic_distribution.n8.n6            0                       (Unspecified)
system.ruby.network.ctrl_traffic_distribution.n8.n7            0                       (Unspecified)
system.ruby.network.ctrl_traffic_distribution.n8.n8            0                       (Unspecified)
system.ruby.network.ctrl_traffic_distribution.n8.n9            0                       (Unspecified)
system.ruby.network.ctrl_traffic_distribution.n9.n0            0                       (Unspecified)
system.ruby.network.ctrl_traffic_distribution.n9.n1            0                       (Unspecified)
system.ruby.network.ctrl_traffic_distribution.n9.n10            0                       (Unspecified)
system.ruby.network.ctrl_traffic_distribution.n9.n11            0                       (Unspecified)
system.ruby.network.ctrl_traffic_distribution.n9.n12            0                       (Unspecified)
system.ruby.network.ctrl_traffic_distribution.n9.n13            0                       (Unspecified)
system.ruby.network.ctrl_traffic_distribution.n9.n14            0                       (Unspecified)
system.ruby.network.ctrl_traffic_distribution.n9.n15            0                       (Unspecified)
system.ruby.network.ctrl_traffic_distribution.n9.n2            0                       (Unspecified)
system.ruby.network.ctrl_traffic_distribution.n9.n3            0                       (Unspecified)
system.ruby.network.ctrl_traffic_distribution.n9.n4            0                       (Unspecified)
system.ruby.network.ctrl_traffic_distribution.n9.n5            0                       (Unspecified)
system.ruby.network.ctrl_traffic_distribution.n9.n6            0                       (Unspecified)
system.ruby.network.ctrl_traffic_distribution.n9.n7            0                       (Unspecified)
system.ruby.network.ctrl_traffic_distribution.n9.n8            0                       (Unspecified)
system.ruby.network.ctrl_traffic_distribution.n9.n9            0                       (Unspecified)
system.ruby.network.data_traffic_distribution.n0.n0            0                       (Unspecified)
system.ruby.network.data_traffic_distribution.n0.n1            0                       (Unspecified)
system.ruby.network.data_traffic_distribution.n0.n10            0                       (Unspecified)
system.ruby.network.data_traffic_distribution.n0.n11            0                       (Unspecified)
system.ruby.network.data_traffic_distribution.n0.n12            0                       (Unspecified)
system.ruby.network.data_traffic_distribution.n0.n13            0                       (Unspecified)
system.ruby.network.data_traffic_distribution.n0.n14            0                       (Unspecified)
system.ruby.network.data_traffic_distribution.n0.n15            0                       (Unspecified)
system.ruby.network.data_traffic_distribution.n0.n2            0                       (Unspecified)
system.ruby.network.data_traffic_distribution.n0.n3            0                       (Unspecified)
system.ruby.network.data_traffic_distribution.n0.n4            0                       (Unspecified)
system.ruby.network.data_traffic_distribution.n0.n5            0                       (Unspecified)
system.ruby.network.data_traffic_distribution.n0.n6            0                       (Unspecified)
system.ruby.network.data_traffic_distribution.n0.n7            0                       (Unspecified)
system.ruby.network.data_traffic_distribution.n0.n8            0                       (Unspecified)
system.ruby.network.data_traffic_distribution.n0.n9            0                       (Unspecified)
system.ruby.network.data_traffic_distribution.n1.n0            0                       (Unspecified)
system.ruby.network.data_traffic_distribution.n1.n1            0                       (Unspecified)
system.ruby.network.data_traffic_distribution.n1.n10            0                       (Unspecified)
system.ruby.network.data_traffic_distribution.n1.n11            0                       (Unspecified)
system.ruby.network.data_traffic_distribution.n1.n12            0                       (Unspecified)
system.ruby.network.data_traffic_distribution.n1.n13            0                       (Unspecified)
system.ruby.network.data_traffic_distribution.n1.n14            0                       (Unspecified)
system.ruby.network.data_traffic_distribution.n1.n15            0                       (Unspecified)
system.ruby.network.data_traffic_distribution.n1.n2            0                       (Unspecified)
system.ruby.network.data_traffic_distribution.n1.n3            0                       (Unspecified)
system.ruby.network.data_traffic_distribution.n1.n4            0                       (Unspecified)
system.ruby.network.data_traffic_distribution.n1.n5            0                       (Unspecified)
system.ruby.network.data_traffic_distribution.n1.n6            0                       (Unspecified)
system.ruby.network.data_traffic_distribution.n1.n7            0                       (Unspecified)
system.ruby.network.data_traffic_distribution.n1.n8            0                       (Unspecified)
system.ruby.network.data_traffic_distribution.n1.n9            0                       (Unspecified)
system.ruby.network.data_traffic_distribution.n10.n0            0                       (Unspecified)
system.ruby.network.data_traffic_distribution.n10.n1            0                       (Unspecified)
system.ruby.network.data_traffic_distribution.n10.n10            0                       (Unspecified)
system.ruby.network.data_traffic_distribution.n10.n11            0                       (Unspecified)
system.ruby.network.data_traffic_distribution.n10.n12            0                       (Unspecified)
system.ruby.network.data_traffic_distribution.n10.n13            0                       (Unspecified)
system.ruby.network.data_traffic_distribution.n10.n14            0                       (Unspecified)
system.ruby.network.data_traffic_distribution.n10.n15            0                       (Unspecified)
system.ruby.network.data_traffic_distribution.n10.n2            0                       (Unspecified)
system.ruby.network.data_traffic_distribution.n10.n3            0                       (Unspecified)
system.ruby.network.data_traffic_distribution.n10.n4            0                       (Unspecified)
system.ruby.network.data_traffic_distribution.n10.n5            0                       (Unspecified)
system.ruby.network.data_traffic_distribution.n10.n6            0                       (Unspecified)
system.ruby.network.data_traffic_distribution.n10.n7            0                       (Unspecified)
system.ruby.network.data_traffic_distribution.n10.n8            0                       (Unspecified)
system.ruby.network.data_traffic_distribution.n10.n9            0                       (Unspecified)
system.ruby.network.data_traffic_distribution.n11.n0            0                       (Unspecified)
system.ruby.network.data_traffic_distribution.n11.n1            0                       (Unspecified)
system.ruby.network.data_traffic_distribution.n11.n10            0                       (Unspecified)
system.ruby.network.data_traffic_distribution.n11.n11            0                       (Unspecified)
system.ruby.network.data_traffic_distribution.n11.n12            0                       (Unspecified)
system.ruby.network.data_traffic_distribution.n11.n13            0                       (Unspecified)
system.ruby.network.data_traffic_distribution.n11.n14            0                       (Unspecified)
system.ruby.network.data_traffic_distribution.n11.n15            0                       (Unspecified)
system.ruby.network.data_traffic_distribution.n11.n2            0                       (Unspecified)
system.ruby.network.data_traffic_distribution.n11.n3            0                       (Unspecified)
system.ruby.network.data_traffic_distribution.n11.n4            0                       (Unspecified)
system.ruby.network.data_traffic_distribution.n11.n5            0                       (Unspecified)
system.ruby.network.data_traffic_distribution.n11.n6            0                       (Unspecified)
system.ruby.network.data_traffic_distribution.n11.n7            0                       (Unspecified)
system.ruby.network.data_traffic_distribution.n11.n8            0                       (Unspecified)
system.ruby.network.data_traffic_distribution.n11.n9            0                       (Unspecified)
system.ruby.network.data_traffic_distribution.n12.n0            0                       (Unspecified)
system.ruby.network.data_traffic_distribution.n12.n1            0                       (Unspecified)
system.ruby.network.data_traffic_distribution.n12.n10            0                       (Unspecified)
system.ruby.network.data_traffic_distribution.n12.n11            0                       (Unspecified)
system.ruby.network.data_traffic_distribution.n12.n12            0                       (Unspecified)
system.ruby.network.data_traffic_distribution.n12.n13            0                       (Unspecified)
system.ruby.network.data_traffic_distribution.n12.n14            0                       (Unspecified)
system.ruby.network.data_traffic_distribution.n12.n15            0                       (Unspecified)
system.ruby.network.data_traffic_distribution.n12.n2            0                       (Unspecified)
system.ruby.network.data_traffic_distribution.n12.n3            0                       (Unspecified)
system.ruby.network.data_traffic_distribution.n12.n4            0                       (Unspecified)
system.ruby.network.data_traffic_distribution.n12.n5            0                       (Unspecified)
system.ruby.network.data_traffic_distribution.n12.n6            0                       (Unspecified)
system.ruby.network.data_traffic_distribution.n12.n7            0                       (Unspecified)
system.ruby.network.data_traffic_distribution.n12.n8            0                       (Unspecified)
system.ruby.network.data_traffic_distribution.n12.n9            0                       (Unspecified)
system.ruby.network.data_traffic_distribution.n13.n0            0                       (Unspecified)
system.ruby.network.data_traffic_distribution.n13.n1            0                       (Unspecified)
system.ruby.network.data_traffic_distribution.n13.n10            0                       (Unspecified)
system.ruby.network.data_traffic_distribution.n13.n11            0                       (Unspecified)
system.ruby.network.data_traffic_distribution.n13.n12            0                       (Unspecified)
system.ruby.network.data_traffic_distribution.n13.n13            0                       (Unspecified)
system.ruby.network.data_traffic_distribution.n13.n14            0                       (Unspecified)
system.ruby.network.data_traffic_distribution.n13.n15            0                       (Unspecified)
system.ruby.network.data_traffic_distribution.n13.n2            0                       (Unspecified)
system.ruby.network.data_traffic_distribution.n13.n3            0                       (Unspecified)
system.ruby.network.data_traffic_distribution.n13.n4            0                       (Unspecified)
system.ruby.network.data_traffic_distribution.n13.n5            0                       (Unspecified)
system.ruby.network.data_traffic_distribution.n13.n6            0                       (Unspecified)
system.ruby.network.data_traffic_distribution.n13.n7            0                       (Unspecified)
system.ruby.network.data_traffic_distribution.n13.n8            0                       (Unspecified)
system.ruby.network.data_traffic_distribution.n13.n9            0                       (Unspecified)
system.ruby.network.data_traffic_distribution.n14.n0            0                       (Unspecified)
system.ruby.network.data_traffic_distribution.n14.n1            0                       (Unspecified)
system.ruby.network.data_traffic_distribution.n14.n10            0                       (Unspecified)
system.ruby.network.data_traffic_distribution.n14.n11            0                       (Unspecified)
system.ruby.network.data_traffic_distribution.n14.n12            0                       (Unspecified)
system.ruby.network.data_traffic_distribution.n14.n13            0                       (Unspecified)
system.ruby.network.data_traffic_distribution.n14.n14            0                       (Unspecified)
system.ruby.network.data_traffic_distribution.n14.n15            0                       (Unspecified)
system.ruby.network.data_traffic_distribution.n14.n2            0                       (Unspecified)
system.ruby.network.data_traffic_distribution.n14.n3            0                       (Unspecified)
system.ruby.network.data_traffic_distribution.n14.n4            0                       (Unspecified)
system.ruby.network.data_traffic_distribution.n14.n5            0                       (Unspecified)
system.ruby.network.data_traffic_distribution.n14.n6            0                       (Unspecified)
system.ruby.network.data_traffic_distribution.n14.n7            0                       (Unspecified)
system.ruby.network.data_traffic_distribution.n14.n8            0                       (Unspecified)
system.ruby.network.data_traffic_distribution.n14.n9            0                       (Unspecified)
system.ruby.network.data_traffic_distribution.n15.n0            0                       (Unspecified)
system.ruby.network.data_traffic_distribution.n15.n1            0                       (Unspecified)
system.ruby.network.data_traffic_distribution.n15.n10            0                       (Unspecified)
system.ruby.network.data_traffic_distribution.n15.n11            0                       (Unspecified)
system.ruby.network.data_traffic_distribution.n15.n12            0                       (Unspecified)
system.ruby.network.data_traffic_distribution.n15.n13            0                       (Unspecified)
system.ruby.network.data_traffic_distribution.n15.n14            0                       (Unspecified)
system.ruby.network.data_traffic_distribution.n15.n15            0                       (Unspecified)
system.ruby.network.data_traffic_distribution.n15.n2            0                       (Unspecified)
system.ruby.network.data_traffic_distribution.n15.n3            0                       (Unspecified)
system.ruby.network.data_traffic_distribution.n15.n4            0                       (Unspecified)
system.ruby.network.data_traffic_distribution.n15.n5            0                       (Unspecified)
system.ruby.network.data_traffic_distribution.n15.n6            0                       (Unspecified)
system.ruby.network.data_traffic_distribution.n15.n7            0                       (Unspecified)
system.ruby.network.data_traffic_distribution.n15.n8            0                       (Unspecified)
system.ruby.network.data_traffic_distribution.n15.n9            0                       (Unspecified)
system.ruby.network.data_traffic_distribution.n2.n0            0                       (Unspecified)
system.ruby.network.data_traffic_distribution.n2.n1            0                       (Unspecified)
system.ruby.network.data_traffic_distribution.n2.n10            0                       (Unspecified)
system.ruby.network.data_traffic_distribution.n2.n11            0                       (Unspecified)
system.ruby.network.data_traffic_distribution.n2.n12            0                       (Unspecified)
system.ruby.network.data_traffic_distribution.n2.n13            0                       (Unspecified)
system.ruby.network.data_traffic_distribution.n2.n14            0                       (Unspecified)
system.ruby.network.data_traffic_distribution.n2.n15            0                       (Unspecified)
system.ruby.network.data_traffic_distribution.n2.n2            0                       (Unspecified)
system.ruby.network.data_traffic_distribution.n2.n3            0                       (Unspecified)
system.ruby.network.data_traffic_distribution.n2.n4            0                       (Unspecified)
system.ruby.network.data_traffic_distribution.n2.n5            0                       (Unspecified)
system.ruby.network.data_traffic_distribution.n2.n6            0                       (Unspecified)
system.ruby.network.data_traffic_distribution.n2.n7            0                       (Unspecified)
system.ruby.network.data_traffic_distribution.n2.n8            0                       (Unspecified)
system.ruby.network.data_traffic_distribution.n2.n9            0                       (Unspecified)
system.ruby.network.data_traffic_distribution.n3.n0            0                       (Unspecified)
system.ruby.network.data_traffic_distribution.n3.n1            0                       (Unspecified)
system.ruby.network.data_traffic_distribution.n3.n10            0                       (Unspecified)
system.ruby.network.data_traffic_distribution.n3.n11            0                       (Unspecified)
system.ruby.network.data_traffic_distribution.n3.n12            0                       (Unspecified)
system.ruby.network.data_traffic_distribution.n3.n13            0                       (Unspecified)
system.ruby.network.data_traffic_distribution.n3.n14            0                       (Unspecified)
system.ruby.network.data_traffic_distribution.n3.n15            0                       (Unspecified)
system.ruby.network.data_traffic_distribution.n3.n2            0                       (Unspecified)
system.ruby.network.data_traffic_distribution.n3.n3            0                       (Unspecified)
system.ruby.network.data_traffic_distribution.n3.n4            0                       (Unspecified)
system.ruby.network.data_traffic_distribution.n3.n5            0                       (Unspecified)
system.ruby.network.data_traffic_distribution.n3.n6            0                       (Unspecified)
system.ruby.network.data_traffic_distribution.n3.n7            0                       (Unspecified)
system.ruby.network.data_traffic_distribution.n3.n8            0                       (Unspecified)
system.ruby.network.data_traffic_distribution.n3.n9            0                       (Unspecified)
system.ruby.network.data_traffic_distribution.n4.n0            0                       (Unspecified)
system.ruby.network.data_traffic_distribution.n4.n1            0                       (Unspecified)
system.ruby.network.data_traffic_distribution.n4.n10            0                       (Unspecified)
system.ruby.network.data_traffic_distribution.n4.n11            0                       (Unspecified)
system.ruby.network.data_traffic_distribution.n4.n12            0                       (Unspecified)
system.ruby.network.data_traffic_distribution.n4.n13            0                       (Unspecified)
system.ruby.network.data_traffic_distribution.n4.n14            0                       (Unspecified)
system.ruby.network.data_traffic_distribution.n4.n15            0                       (Unspecified)
system.ruby.network.data_traffic_distribution.n4.n2            0                       (Unspecified)
system.ruby.network.data_traffic_distribution.n4.n3            0                       (Unspecified)
system.ruby.network.data_traffic_distribution.n4.n4            0                       (Unspecified)
system.ruby.network.data_traffic_distribution.n4.n5            0                       (Unspecified)
system.ruby.network.data_traffic_distribution.n4.n6            0                       (Unspecified)
system.ruby.network.data_traffic_distribution.n4.n7            0                       (Unspecified)
system.ruby.network.data_traffic_distribution.n4.n8            0                       (Unspecified)
system.ruby.network.data_traffic_distribution.n4.n9            0                       (Unspecified)
system.ruby.network.data_traffic_distribution.n5.n0            0                       (Unspecified)
system.ruby.network.data_traffic_distribution.n5.n1            0                       (Unspecified)
system.ruby.network.data_traffic_distribution.n5.n10            0                       (Unspecified)
system.ruby.network.data_traffic_distribution.n5.n11            0                       (Unspecified)
system.ruby.network.data_traffic_distribution.n5.n12            0                       (Unspecified)
system.ruby.network.data_traffic_distribution.n5.n13            0                       (Unspecified)
system.ruby.network.data_traffic_distribution.n5.n14            0                       (Unspecified)
system.ruby.network.data_traffic_distribution.n5.n15            0                       (Unspecified)
system.ruby.network.data_traffic_distribution.n5.n2            0                       (Unspecified)
system.ruby.network.data_traffic_distribution.n5.n3            0                       (Unspecified)
system.ruby.network.data_traffic_distribution.n5.n4            0                       (Unspecified)
system.ruby.network.data_traffic_distribution.n5.n5            0                       (Unspecified)
system.ruby.network.data_traffic_distribution.n5.n6            0                       (Unspecified)
system.ruby.network.data_traffic_distribution.n5.n7            0                       (Unspecified)
system.ruby.network.data_traffic_distribution.n5.n8            0                       (Unspecified)
system.ruby.network.data_traffic_distribution.n5.n9            0                       (Unspecified)
system.ruby.network.data_traffic_distribution.n6.n0            0                       (Unspecified)
system.ruby.network.data_traffic_distribution.n6.n1            0                       (Unspecified)
system.ruby.network.data_traffic_distribution.n6.n10            0                       (Unspecified)
system.ruby.network.data_traffic_distribution.n6.n11            0                       (Unspecified)
system.ruby.network.data_traffic_distribution.n6.n12            0                       (Unspecified)
system.ruby.network.data_traffic_distribution.n6.n13            0                       (Unspecified)
system.ruby.network.data_traffic_distribution.n6.n14            0                       (Unspecified)
system.ruby.network.data_traffic_distribution.n6.n15            0                       (Unspecified)
system.ruby.network.data_traffic_distribution.n6.n2            0                       (Unspecified)
system.ruby.network.data_traffic_distribution.n6.n3            0                       (Unspecified)
system.ruby.network.data_traffic_distribution.n6.n4            0                       (Unspecified)
system.ruby.network.data_traffic_distribution.n6.n5            0                       (Unspecified)
system.ruby.network.data_traffic_distribution.n6.n6            0                       (Unspecified)
system.ruby.network.data_traffic_distribution.n6.n7            0                       (Unspecified)
system.ruby.network.data_traffic_distribution.n6.n8            0                       (Unspecified)
system.ruby.network.data_traffic_distribution.n6.n9            0                       (Unspecified)
system.ruby.network.data_traffic_distribution.n7.n0            0                       (Unspecified)
system.ruby.network.data_traffic_distribution.n7.n1            0                       (Unspecified)
system.ruby.network.data_traffic_distribution.n7.n10            0                       (Unspecified)
system.ruby.network.data_traffic_distribution.n7.n11            0                       (Unspecified)
system.ruby.network.data_traffic_distribution.n7.n12            0                       (Unspecified)
system.ruby.network.data_traffic_distribution.n7.n13            0                       (Unspecified)
system.ruby.network.data_traffic_distribution.n7.n14            0                       (Unspecified)
system.ruby.network.data_traffic_distribution.n7.n15            0                       (Unspecified)
system.ruby.network.data_traffic_distribution.n7.n2            0                       (Unspecified)
system.ruby.network.data_traffic_distribution.n7.n3            0                       (Unspecified)
system.ruby.network.data_traffic_distribution.n7.n4            0                       (Unspecified)
system.ruby.network.data_traffic_distribution.n7.n5            0                       (Unspecified)
system.ruby.network.data_traffic_distribution.n7.n6            0                       (Unspecified)
system.ruby.network.data_traffic_distribution.n7.n7            0                       (Unspecified)
system.ruby.network.data_traffic_distribution.n7.n8            0                       (Unspecified)
system.ruby.network.data_traffic_distribution.n7.n9            0                       (Unspecified)
system.ruby.network.data_traffic_distribution.n8.n0            0                       (Unspecified)
system.ruby.network.data_traffic_distribution.n8.n1            0                       (Unspecified)
system.ruby.network.data_traffic_distribution.n8.n10            0                       (Unspecified)
system.ruby.network.data_traffic_distribution.n8.n11            0                       (Unspecified)
system.ruby.network.data_traffic_distribution.n8.n12            0                       (Unspecified)
system.ruby.network.data_traffic_distribution.n8.n13            0                       (Unspecified)
system.ruby.network.data_traffic_distribution.n8.n14            0                       (Unspecified)
system.ruby.network.data_traffic_distribution.n8.n15            0                       (Unspecified)
system.ruby.network.data_traffic_distribution.n8.n2            0                       (Unspecified)
system.ruby.network.data_traffic_distribution.n8.n3            0                       (Unspecified)
system.ruby.network.data_traffic_distribution.n8.n4            0                       (Unspecified)
system.ruby.network.data_traffic_distribution.n8.n5            0                       (Unspecified)
system.ruby.network.data_traffic_distribution.n8.n6            0                       (Unspecified)
system.ruby.network.data_traffic_distribution.n8.n7            0                       (Unspecified)
system.ruby.network.data_traffic_distribution.n8.n8            0                       (Unspecified)
system.ruby.network.data_traffic_distribution.n8.n9            0                       (Unspecified)
system.ruby.network.data_traffic_distribution.n9.n0            0                       (Unspecified)
system.ruby.network.data_traffic_distribution.n9.n1            0                       (Unspecified)
system.ruby.network.data_traffic_distribution.n9.n10            0                       (Unspecified)
system.ruby.network.data_traffic_distribution.n9.n11            0                       (Unspecified)
system.ruby.network.data_traffic_distribution.n9.n12            0                       (Unspecified)
system.ruby.network.data_traffic_distribution.n9.n13            0                       (Unspecified)
system.ruby.network.data_traffic_distribution.n9.n14            0                       (Unspecified)
system.ruby.network.data_traffic_distribution.n9.n15            0                       (Unspecified)
system.ruby.network.data_traffic_distribution.n9.n2            0                       (Unspecified)
system.ruby.network.data_traffic_distribution.n9.n3            0                       (Unspecified)
system.ruby.network.data_traffic_distribution.n9.n4            0                       (Unspecified)
system.ruby.network.data_traffic_distribution.n9.n5            0                       (Unspecified)
system.ruby.network.data_traffic_distribution.n9.n6            0                       (Unspecified)
system.ruby.network.data_traffic_distribution.n9.n7            0                       (Unspecified)
system.ruby.network.data_traffic_distribution.n9.n8            0                       (Unspecified)
system.ruby.network.data_traffic_distribution.n9.n9            0                       (Unspecified)
system.ruby.network.ext_in_link_utilization            0                       (Unspecified)
system.ruby.network.ext_out_link_utilization            0                       (Unspecified)
system.ruby.network.flit_network_latency |           0                       |           0                       |           0                       |           0                       |           0                       (Unspecified)
system.ruby.network.flit_queueing_latency |           0                       |           0                       |           0                       |           0                       |           0                       (Unspecified)
system.ruby.network.int_link_utilization            0                       (Unspecified)
system.ruby.network.packet_network_latency |           0                       |           0                       |           0                       |           0                       |           0                       (Unspecified)
system.ruby.network.packet_queueing_latency |           0                       |           0                       |           0                       |           0                       |           0                       (Unspecified)
